// Jest Snapshot v1, https://goo.gl/fbAQLP

exports[`components Loader should render the loader correctly 1`] = `
<div
  className="d-flex flex-column justify-content-center align-items-center w-100 h-100"
>
  <div
    className="spinner-box"
  >
    <div
      className="configure-border-1"
    >
      <span
        className="configure-core"
      />
    </div>
    <div
      className="configure-border-2"
    >
      <span
        className="configure-core"
      />
    </div>
  </div>
  <div
    className="text waviy mt-5"
  >
    <span>
      L
    </span>
    <span>
      O
    </span>
    <span>
      A
    </span>
    <span>
      D
    </span>
    <span>
      I
    </span>
    <span>
      N
    </span>
    <span>
      G
    </span>
  </div>
</div>
`;

exports[`components Overlay should render the overlay correctly 1`] = `
<div
  className="position-absolute top-0 start-0 z-1 w-100 h-100 d-flex justify-content-center align-items-center"
>
  <span
    className="overlay z-n1"
    onClick={[MockFunction]}
  />
  <button
    aria-label="close"
    className="button shadow-none btn-close btn-close-white position-absolute top-0 end-0 p-3"
    onClick={[MockFunction]}
  />
  <div>
    Test
  </div>
</div>
`;
